
> stemmantra-app@2.0.0 build
> tsc -b && vite build

vite v6.4.3 building for production...
transforming...
✓ 2975 modules transformed.
rendering chunks...
computing gzip size...
dist/index.html                                           1.08 kB │ gzip:   0.49 kB
dist/assets/pdf.worker.min-yatZIOMy.mjs               1,375.84 kB
dist/assets/index-D8ZJlpyN.css                           91.64 kB │ gzip:  13.71 kB
dist/assets/chevron-down-BhiTQUIO.js                      0.30 kB │ gzip:   0.24 kB
dist/assets/loader-circle-BIJtcLyg.js                     0.31 kB │ gzip:   0.25 kB
dist/assets/plus-CoAM31E6.js                              0.32 kB │ gzip:   0.25 kB
dist/assets/x-CLPhnlmG.js                                 0.32 kB │ gzip:   0.25 kB
dist/assets/arrow-left-D-_g0br4.js                        0.33 kB │ gzip:   0.26 kB
dist/assets/arrow-right-B5GYP1tg.js                       0.33 kB │ gzip:   0.26 kB
dist/assets/search-DBOv9SVc.js                            0.34 kB │ gzip:   0.27 kB
dist/assets/clock-DycQDoyx.js                             0.35 kB │ gzip:   0.27 kB
dist/assets/user-BcBnsxhx.js                              0.36 kB │ gzip:   0.28 kB
dist/assets/rotate-ccw-kN2HEyn9.js                        0.36 kB │ gzip:   0.28 kB
dist/assets/trending-up-C999_3vA.js                       0.37 kB │ gzip:   0.28 kB
dist/assets/info-CqFMGJRj.js                              0.37 kB │ gzip:   0.28 kB
dist/assets/circle-x-rR-Z-uny.js                          0.37 kB │ gzip:   0.28 kB
dist/assets/trending-down-DGsvmWBP.js                     0.38 kB │ gzip:   0.28 kB
dist/assets/audit-mtemqF8i.js                             0.38 kB │ gzip:   0.28 kB
dist/assets/briefcase-D1aoXt1V.js                         0.38 kB │ gzip:   0.29 kB
dist/assets/history-DhjmqVEy.js                           0.40 kB │ gzip:   0.29 kB
dist/assets/ellipsis-vertical-DJLCCJC5.js                 0.40 kB │ gzip:   0.27 kB
dist/assets/link-2-DrWS1O1_.js                            0.41 kB │ gzip:   0.30 kB
dist/assets/percent-Cp7XXOfU.js                           0.41 kB │ gzip:   0.29 kB
dist/assets/circle-alert-Cf8oOY2L.js                      0.41 kB │ gzip:   0.29 kB
dist/assets/arrow-left-right-BzoPAJ2a.js                  0.42 kB │ gzip:   0.30 kB
dist/assets/user-check-CJN64Fzr.js                        0.42 kB │ gzip:   0.32 kB
dist/assets/camera-DpgC5KO9.js                            0.42 kB │ gzip:   0.31 kB
dist/assets/calendar-D8v7ftp-.js                          0.42 kB │ gzip:   0.30 kB
dist/assets/log-out-B3rMJJxB.js                           0.42 kB │ gzip:   0.32 kB
dist/assets/download-C5Lvhavl.js                          0.43 kB │ gzip:   0.32 kB
dist/assets/map-pin-BJeRKiYT.js                           0.43 kB │ gzip:   0.32 kB
dist/assets/triangle-alert-cuW7r8g5.js                    0.43 kB │ gzip:   0.31 kB
dist/assets/wrench-Ctqljbdd.js                            0.43 kB │ gzip:   0.31 kB
dist/assets/pencil-CoSnu2Qm.js                            0.45 kB │ gzip:   0.33 kB
dist/assets/indian-rupee-B_SwANrs.js                      0.45 kB │ gzip:   0.31 kB
dist/assets/house-Bj3qwZLD.js                             0.46 kB │ gzip:   0.32 kB
dist/assets/send-BPK2JcME.js                              0.46 kB │ gzip:   0.33 kB
dist/assets/hash-CoHEOvfK.js                              0.46 kB │ gzip:   0.29 kB
dist/assets/shield-check-B5gNm1Md.js                      0.48 kB │ gzip:   0.35 kB
dist/assets/refresh-cw-DNfOqguE.js                        0.48 kB │ gzip:   0.32 kB
dist/assets/square-pen-B1We6y9n.js                        0.49 kB │ gzip:   0.34 kB
dist/assets/tag-DtVHadCB.js                               0.50 kB │ gzip:   0.34 kB
dist/assets/file-text-BVO950JI.js                         0.50 kB │ gzip:   0.31 kB
dist/assets/save-CTToLaxC.js                              0.50 kB │ gzip:   0.33 kB
dist/assets/shield-alert-sPIssWkZ.js                      0.52 kB │ gzip:   0.36 kB
dist/assets/trash-2-DJ_miT-v.js                           0.52 kB │ gzip:   0.35 kB
dist/assets/layers-B7e0h40r.js                            0.53 kB │ gzip:   0.34 kB
dist/assets/school-BW_Kp982.js                            0.54 kB │ gzip:   0.36 kB
dist/assets/phone-CN4X6coH.js                             0.56 kB │ gzip:   0.36 kB
dist/assets/package-check-CsOkhpD7.js                     0.59 kB │ gzip:   0.39 kB
dist/assets/package-x-UPl7Ma6e.js                         0.59 kB │ gzip:   0.39 kB
dist/assets/building-2-BYyksiDi.js                        0.61 kB │ gzip:   0.34 kB
dist/assets/csvExport-Gs3Htou_.js                         0.65 kB │ gzip:   0.42 kB
dist/assets/arrow-up-from-line-e5qEYizm.js                0.70 kB │ gzip:   0.34 kB
dist/assets/power-BP6iBtcE.js                             0.74 kB │ gzip:   0.36 kB
dist/assets/EmptyState-BSPJHq0i.js                        0.80 kB │ gzip:   0.46 kB
dist/assets/list-By6JGZ8w.js                              0.89 kB │ gzip:   0.39 kB
dist/assets/boxes-CT4LYShL.js                             1.02 kB │ gzip:   0.50 kB
dist/assets/geocode-CUY5lb-m.js                           1.11 kB │ gzip:   0.59 kB
dist/assets/useAssets-CXyUns_u.js                         1.24 kB │ gzip:   0.62 kB
dist/assets/useEmployees-CwLvFMRO.js                      1.28 kB │ gzip:   0.62 kB
dist/assets/useProducts-BimaIbPq.js                       1.31 kB │ gzip:   0.64 kB
dist/assets/useCategories-DmPLYn4g.js                     1.48 kB │ gzip:   0.86 kB
dist/assets/useQuotations-DUWDzg-s.js                     1.56 kB │ gzip:   0.76 kB
dist/assets/useSchools-Be1CWBD4.js                        1.58 kB │ gzip:   0.80 kB
dist/assets/datetime-BGdnzeBJ.js                          1.61 kB │ gzip:   0.68 kB
dist/assets/Modal-DrnB-JHm.js                             1.73 kB │ gzip:   0.84 kB
dist/assets/useUsers--7p5TKio.js                          1.86 kB │ gzip:   0.91 kB
dist/assets/ConfirmDialog-BLpmjPDi.js                     2.00 kB │ gzip:   0.91 kB
dist/assets/useStockTransactions-Cnwa0ORP.js              2.32 kB │ gzip:   1.02 kB
dist/assets/NoAccessPage-DnCnUTRE.js                      2.43 kB │ gzip:   1.06 kB
dist/assets/useInvoices-B3iHB2LH.js                       2.56 kB │ gzip:   1.21 kB
dist/assets/index-BK9_aYjr.js                             2.96 kB │ gzip:   1.44 kB
dist/assets/web-BGajEnr6.js                               3.02 kB │ gzip:   1.25 kB
dist/assets/useAttendanceSettings-Be_9Pp48.js             3.06 kB │ gzip:   1.53 kB
dist/assets/useAssignments-Bl6c5rGp.js                    3.27 kB │ gzip:   1.14 kB
dist/assets/MyLeavesPage-DKsI3zSE.js                      4.00 kB │ gzip:   1.65 kB
dist/assets/useAttendance-DmjCWozc.js                     4.21 kB │ gzip:   1.68 kB
dist/assets/MyRequestsPage-BrUTB_dx.js                    5.00 kB │ gzip:   1.86 kB
dist/assets/useRequests-Dnq7fSV7.js                       5.17 kB │ gzip:   1.77 kB
dist/assets/MyAttendancePage-CsU55yKw.js                  5.26 kB │ gzip:   1.91 kB
dist/assets/EmployeeForm-DPuPsvvz.js                      5.49 kB │ gzip:   2.11 kB
dist/assets/AttendanceHomePage-BawAkjQk.js                5.57 kB │ gzip:   1.97 kB
dist/assets/ApplyLeavePage-CUfXYNo0.js                    5.80 kB │ gzip:   2.30 kB
dist/assets/SchoolsPage-D-gJuH9t.js                       6.73 kB │ gzip:   2.45 kB
dist/assets/AttendanceAdminDashboardPage-UZ6uzlK4.js      6.76 kB │ gzip:   2.23 kB
dist/assets/LeaveApprovalsPage-CixtMebB.js                6.78 kB │ gzip:   2.54 kB
dist/assets/useLeaves-mmH2B_Em.js                         6.92 kB │ gzip:   2.40 kB
dist/assets/SchoolActionPage-in4b1gVU.js                  7.27 kB │ gzip:   2.66 kB
dist/assets/HolidayCalendarPage-D1K79Qfk.js               7.79 kB │ gzip:   3.02 kB
dist/assets/RequestApprovalsPage-BC4swuxf.js              7.89 kB │ gzip:   2.73 kB
dist/assets/AssetForm-DRhQlRn5.js                         8.08 kB │ gzip:   2.72 kB
dist/assets/AttendanceViewPage-BEKIx5O4.js                8.24 kB │ gzip:   2.75 kB
dist/assets/AssignForm-DWLqYiJg.js                        8.25 kB │ gzip:   2.26 kB
dist/assets/StockPage-gy3eECeu.js                         9.55 kB │ gzip:   3.43 kB
dist/assets/RequestAssetPage-B347HRNM.js                 10.32 kB │ gzip:   3.22 kB
dist/assets/ProductForm-CZwFPOwm.js                      10.51 kB │ gzip:   3.55 kB
dist/assets/UsersPage-DzBwCS6m.js                        11.56 kB │ gzip:   4.10 kB
dist/assets/AttendanceSettingsPage-BAiJiwQZ.js           11.56 kB │ gzip:   3.60 kB
dist/assets/StockTransactionForm-CebE--bK.js             11.70 kB │ gzip:   3.64 kB
dist/assets/InvoicesPage-Cgko2csj.js                     14.16 kB │ gzip:   4.34 kB
dist/assets/AuditPage-DxlNnu8R.js                        15.21 kB │ gzip:   4.85 kB
dist/assets/EmployeesPage-HPTfQpiB.js                    16.32 kB │ gzip:   5.21 kB
dist/assets/UserForm-BW8gLXm5.js                         16.66 kB │ gzip:   5.17 kB
dist/assets/ProductsPage-C8zpdC-D.js                     17.22 kB │ gzip:   4.93 kB
dist/assets/firebase-D8krdmuZ.js                         17.43 kB │ gzip:   5.00 kB
dist/assets/AssetsPage-TCAX6_Nb.js                       18.31 kB │ gzip:   5.14 kB
dist/assets/KitsPage-DK_aMREo.js                         20.00 kB │ gzip:   5.31 kB
dist/assets/AssignmentsPage-BcW70N_v.js                  20.98 kB │ gzip:   5.35 kB
dist/assets/KitForm-CczXDXdC.js                          28.04 kB │ gzip:   8.02 kB
dist/assets/purify.es-DedTAGkB.js                        29.05 kB │ gzip:  11.18 kB
dist/assets/DashboardLayout-qCKi7KQx.js                  33.40 kB │ gzip:   9.16 kB
dist/assets/MarkAttendancePage-BmT1_Kfw.js               37.74 kB │ gzip:  12.49 kB
dist/assets/types-CbG9sk_r.js                            53.40 kB │ gzip:  12.19 kB
dist/assets/proxy-Djxd_iU6.js                           111.57 kB │ gzip:  36.68 kB
dist/assets/index.es-TGwN554e.js                        160.85 kB │ gzip:  54.08 kB
dist/assets/html2canvas.esm-QH1iLAAe.js                 202.38 kB │ gzip:  48.04 kB
dist/assets/InvoiceUploadFlow--zbgARDT.js               395.03 kB │ gzip: 117.14 kB
dist/assets/Skeleton--2XYTGdR.js                        425.36 kB │ gzip: 142.07 kB
dist/assets/DashboardPage-CdZk7-AJ.js                   450.81 kB │ gzip: 120.88 kB
dist/assets/index.esm-4r5BVNyF.js                       450.99 kB │ gzip: 112.07 kB
dist/assets/QuotationsPage-DgxYXjuD.js                  479.74 kB │ gzip: 153.61 kB
dist/assets/index-e56B2bhi.js                           542.48 kB │ gzip: 152.30 kB

(!) Some chunks are larger than 500 kB after minification. Consider:
- Using dynamic import() to code-split the application
- Use build.rollupOptions.output.manualChunks to improve chunking: https://rollupjs.org/configuration-options/#output-manualchunks
- Adjust chunk size limit for this warning via build.chunkSizeWarningLimit.
✓ built in 13.39s
